// Jest Snapshot v1, https://goo.gl/fbAQLP

exports[`the /hello endpoint should match the snapshot 1`] = `
"Hello, world! 
You requested: /hello"
`;
